// Jest Snapshot v1, https://goo.gl/fbAQLP

exports[`Check component AllMeetupsPage must be shown <AllMeetupsPage /> correctly 1`] = `ShallowWrapper {}`;

exports[`Check componentn AllMeetupsPage must be shown <AllMeetupsPage /> correctly 1`] = `ShallowWrapper {}`;
