// Jest Snapshot v1, https://goo.gl/fbAQLP

exports[`Check component MainNavigation must be shown <MainNavigation /> correctly 1`] = `ShallowWrapper {}`;
